============================= test session starts =============================
platform win32 -- Python 3.11.0, pytest-9.0.1, pluggy-1.6.0 -- C:\Users\pc\AppData\Local\Programs\Python\Python311\python.exe
cachedir: .pytest_cache
rootdir: C:\Users\pc\Downloads\Rwanda_orbit_guard
plugins: anyio-3.7.1, Faker-37.4.0
collecting ... collected 4 items

tests/test_deployment.py::test_swagger_ui_accessible PASSED              [ 25%]
tests/test_deployment.py::test_backend_deployment PASSED                 [ 50%]
tests/test_deployment.py::test_frontend_deployment PASSED                [ 75%]
tests/test_deployment.py::test_api_endpoints PASSED                      [100%]

============================== warnings summary ===============================
tests/test_deployment.py::test_swagger_ui_accessible
  C:\Users\pc\AppData\Local\Programs\Python\Python311\Lib\site-packages\_pytest\python.py:170: PytestReturnNotNoneWarning: Test functions should return None, but tests/test_deployment.py::test_swagger_ui_accessible returned <class 'bool'>.
  Did you mean to use `assert` instead of `return`?
  See https://docs.pytest.org/en/stable/how-to/assert.html#return-not-none for more information.
    warnings.warn(

tests/test_deployment.py::test_backend_deployment
  C:\Users\pc\AppData\Local\Programs\Python\Python311\Lib\site-packages\_pytest\python.py:170: PytestReturnNotNoneWarning: Test functions should return None, but tests/test_deployment.py::test_backend_deployment returned <class 'bool'>.
  Did you mean to use `assert` instead of `return`?
  See https://docs.pytest.org/en/stable/how-to/assert.html#return-not-none for more information.
    warnings.warn(

tests/test_deployment.py::test_frontend_deployment
  C:\Users\pc\AppData\Local\Programs\Python\Python311\Lib\site-packages\_pytest\python.py:170: PytestReturnNotNoneWarning: Test functions should return None, but tests/test_deployment.py::test_frontend_deployment returned <class 'bool'>.
  Did you mean to use `assert` instead of `return`?
  See https://docs.pytest.org/en/stable/how-to/assert.html#return-not-none for more information.
    warnings.warn(

tests/test_deployment.py::test_api_endpoints
  C:\Users\pc\AppData\Local\Programs\Python\Python311\Lib\site-packages\_pytest\python.py:170: PytestReturnNotNoneWarning: Test functions should return None, but tests/test_deployment.py::test_api_endpoints returned <class 'bool'>.
  Did you mean to use `assert` instead of `return`?
  See https://docs.pytest.org/en/stable/how-to/assert.html#return-not-none for more information.
    warnings.warn(

-- Docs: https://docs.pytest.org/en/stable/how-to/capture-warnings.html
======================== 4 passed, 4 warnings in 1.21s ========================
